
pr5.elf:     file format elf32-littleriscv
pr5.elf
architecture: riscv:rv32, flags 0x00000112:
EXEC_P, HAS_SYMS, D_PAGED
start address 0x00000000

Program Header:
    LOAD off    0x00001000 vaddr 0x00000000 paddr 0x00000000 align 2**12
         filesz 0x000000a8 memsz 0x000000a8 flags r-x
    LOAD off    0x00002000 vaddr 0x00010000 paddr 0x00010000 align 2**12
         filesz 0x00000018 memsz 0x0000001c flags rw-

Sections:
Idx Name              Size      VMA       LMA       File off  Algn  Flags
  0 .text             000000a8  00000000  00000000  00001000  2**2  CONTENTS, ALLOC, LOAD, READONLY, CODE
  1 .data             00000018  00010000  00010000  00002000  2**0  CONTENTS, ALLOC, LOAD, DATA
  2 .bss              00000004  00010018  00010018  00002018  2**0  ALLOC
  3 .riscv.attributes 00000021  00000000  00000000  00002018  2**0  CONTENTS, READONLY
  4 .comment          00000012  00000000  00000000  00002039  2**0  CONTENTS, READONLY
  5 .debug_line       00000147  00000000  00000000  0000204b  2**0  CONTENTS, READONLY, DEBUGGING, OCTETS
  6 .debug_info       00000047  00000000  00000000  00002192  2**0  CONTENTS, READONLY, DEBUGGING, OCTETS
  7 .debug_abbrev     00000027  00000000  00000000  000021d9  2**0  CONTENTS, READONLY, DEBUGGING, OCTETS
  8 .debug_aranges    00000038  00000000  00000000  00002200  2**3  CONTENTS, READONLY, DEBUGGING, OCTETS
  9 .debug_str        000023e6  00000000  00000000  00002238  2**0  CONTENTS, READONLY, DEBUGGING, OCTETS
 10 .debug_macro      000006f9  00000000  00000000  0000461e  2**0  CONTENTS, READONLY, DEBUGGING, OCTETS
SYMBOL TABLE:
00000000 l    d  .text	00000000 .text
00010000 l    d  .data	00000000 .data
00010018 l    d  .bss	00000000 .bss
00000000 l    d  .riscv.attributes	00000000 .riscv.attributes
00000000 l    d  .comment	00000000 .comment
00000000 l    d  .debug_line	00000000 .debug_line
00000000 l    d  .debug_info	00000000 .debug_info
00000000 l    d  .debug_abbrev	00000000 .debug_abbrev
00000000 l    d  .debug_aranges	00000000 .debug_aranges
00000000 l    d  .debug_str	00000000 .debug_str
00000000 l    d  .debug_macro	00000000 .debug_macro
00000000 l    df *ABS*	00000000 ./fun_asm.o
00010000 l       .data	00000000 array
00010014 l       .data	00000000 size
00010018 l       .bss	00000000 result
00000028 l       .text	00000000 if
00000040 l       .text	00000000 end_main
00000044 l       .text	00000000 non_leaf_function
0000005c l       .text	00000000 for_nonleaf
00000078 l       .text	00000000 endfor_nonleaf
0000008c l       .text	00000000 leaf_function
00000000 l    df *ABS*	00000000 pr5.c
00000000 g       .text	00000000 main
00020000 g       *ABS*	00000000 _stack



Disassembly of section .text:

00000000 <main>:
main():
C:\Users\ardah\OneDrive\Masaüstü\FC2labWS\FC2labWS\pr5\Debug/../fun_asm.asm:66
size:	.word	5
.bss
result:	.space	4
.text
main:
la sp,_stack
   0:	00020117          	auipc	sp,0x20
   4:	00010113          	mv	sp,sp
C:\Users\ardah\OneDrive\Masaüstü\FC2labWS\FC2labWS\pr5\Debug/../fun_asm.asm:67
la t0, array	// t0 -> @ of array
   8:	00010297          	auipc	t0,0x10
   c:	ff828293          	addi	t0,t0,-8 # 10000 <array>
C:\Users\ardah\OneDrive\Masaüstü\FC2labWS\FC2labWS\pr5\Debug/../fun_asm.asm:68
la t1, size	// t1 -> @ of size
  10:	00010317          	auipc	t1,0x10
  14:	00430313          	addi	t1,t1,4 # 10014 <size>
C:\Users\ardah\OneDrive\Masaüstü\FC2labWS\FC2labWS\pr5\Debug/../fun_asm.asm:69
lw t2, 0(t1)	// t2 -> value of size
  18:	00032383          	lw	t2,0(t1)
C:\Users\ardah\OneDrive\Masaüstü\FC2labWS\FC2labWS\pr5\Debug/../fun_asm.asm:70
la t3, result	// t3 -> @ of res
  1c:	00010e17          	auipc	t3,0x10
  20:	ffce0e13          	addi	t3,t3,-4 # 10018 <result>
C:\Users\ardah\OneDrive\Masaüstü\FC2labWS\FC2labWS\pr5\Debug/../fun_asm.asm:71
lw t4, 0(t3)	// t4 -> value of res
  24:	000e2e83          	lw	t4,0(t3)

00000028 <if>:
if():
C:\Users\ardah\OneDrive\Masaüstü\FC2labWS\FC2labWS\pr5\Debug/../fun_asm.asm:73
if:
ble t2, zero, end_main
  28:	00705c63          	blez	t2,40 <end_main>
C:\Users\ardah\OneDrive\Masaüstü\FC2labWS\FC2labWS\pr5\Debug/../fun_asm.asm:74
mv a0, t0	// passing array as 0th parameter
  2c:	00028513          	mv	a0,t0
C:\Users\ardah\OneDrive\Masaüstü\FC2labWS\FC2labWS\pr5\Debug/../fun_asm.asm:75
mv a1, t2	// passing size as 1st parameter
  30:	00038593          	mv	a1,t2
C:\Users\ardah\OneDrive\Masaüstü\FC2labWS\FC2labWS\pr5\Debug/../fun_asm.asm:76
call non_leaf_function
  34:	010000ef          	jal	ra,44 <non_leaf_function>
C:\Users\ardah\OneDrive\Masaüstü\FC2labWS\FC2labWS\pr5\Debug/../fun_asm.asm:77
mv t4, a0	// result = non_leaf_function(array, array_size);
  38:	00050e93          	mv	t4,a0
C:\Users\ardah\OneDrive\Masaüstü\FC2labWS\FC2labWS\pr5\Debug/../fun_asm.asm:78
sw t4, 0(t1)
  3c:	01d32023          	sw	t4,0(t1)

00000040 <end_main>:
end_main():
C:\Users\ardah\OneDrive\Masaüstü\FC2labWS\FC2labWS\pr5\Debug/../fun_asm.asm:81

end_main:
j .
  40:	0000006f          	j	40 <end_main>

00000044 <non_leaf_function>:
non_leaf_function():
C:\Users\ardah\OneDrive\Masaüstü\FC2labWS\FC2labWS\pr5\Debug/../fun_asm.asm:86


non_leaf_function:
#prologue
addi sp, sp, -12
  44:	ff410113          	addi	sp,sp,-12 # 1fff4 <result+0xffdc>
C:\Users\ardah\OneDrive\Masaüstü\FC2labWS\FC2labWS\pr5\Debug/../fun_asm.asm:87
sw a0, 0(sp)	// a0 -> @ of int array
  48:	00a12023          	sw	a0,0(sp)
C:\Users\ardah\OneDrive\Masaüstü\FC2labWS\FC2labWS\pr5\Debug/../fun_asm.asm:88
sw a1, 4(sp)	// a1 -> int size
  4c:	00b12223          	sw	a1,4(sp)
C:\Users\ardah\OneDrive\Masaüstü\FC2labWS\FC2labWS\pr5\Debug/../fun_asm.asm:89
sw ra, 8(sp)
  50:	00112423          	sw	ra,8(sp)
C:\Users\ardah\OneDrive\Masaüstü\FC2labWS\FC2labWS\pr5\Debug/../fun_asm.asm:92

#body
li s8, 0	// s8 -> int sum = 0
  54:	00000c13          	li	s8,0
C:\Users\ardah\OneDrive\Masaüstü\FC2labWS\FC2labWS\pr5\Debug/../fun_asm.asm:93
li s9, 0	// s9 -> int i = 0
  58:	00000c93          	li	s9,0

0000005c <for_nonleaf>:
for_nonleaf():
C:\Users\ardah\OneDrive\Masaüstü\FC2labWS\FC2labWS\pr5\Debug/../fun_asm.asm:95
for_nonleaf:
bge s9, a1, endfor_nonleaf
  5c:	00bcde63          	bge	s9,a1,78 <endfor_nonleaf>
C:\Users\ardah\OneDrive\Masaüstü\FC2labWS\FC2labWS\pr5\Debug/../fun_asm.asm:96
slli s10, s9, 2	// s10 -> i^2
  60:	002c9d13          	slli	s10,s9,0x2
C:\Users\ardah\OneDrive\Masaüstü\FC2labWS\FC2labWS\pr5\Debug/../fun_asm.asm:97
add s11, a0, s10// s11 -> @ effective of int array
  64:	01a50db3          	add	s11,a0,s10
C:\Users\ardah\OneDrive\Masaüstü\FC2labWS\FC2labWS\pr5\Debug/../fun_asm.asm:98
lw s2, 0(s11)	// s2 -> array[i]
  68:	000da903          	lw	s2,0(s11)
C:\Users\ardah\OneDrive\Masaüstü\FC2labWS\FC2labWS\pr5\Debug/../fun_asm.asm:99
add s8, s8, s2	// sum += array[i]
  6c:	012c0c33          	add	s8,s8,s2
C:\Users\ardah\OneDrive\Masaüstü\FC2labWS\FC2labWS\pr5\Debug/../fun_asm.asm:100
add s9, s9, 1
  70:	001c8c93          	addi	s9,s9,1
C:\Users\ardah\OneDrive\Masaüstü\FC2labWS\FC2labWS\pr5\Debug/../fun_asm.asm:101
j for_nonleaf
  74:	fe9ff06f          	j	5c <for_nonleaf>

00000078 <endfor_nonleaf>:
endfor_nonleaf():
C:\Users\ardah\OneDrive\Masaüstü\FC2labWS\FC2labWS\pr5\Debug/../fun_asm.asm:104
endfor_nonleaf:

mv a0, s8	// moving sum to a0
  78:	000c0513          	mv	a0,s8
C:\Users\ardah\OneDrive\Masaüstü\FC2labWS\FC2labWS\pr5\Debug/../fun_asm.asm:105
call leaf_function
  7c:	010000ef          	jal	ra,8c <leaf_function>
C:\Users\ardah\OneDrive\Masaüstü\FC2labWS\FC2labWS\pr5\Debug/../fun_asm.asm:108

#epilogue
lw ra, 8(sp)
  80:	00812083          	lw	ra,8(sp)
C:\Users\ardah\OneDrive\Masaüstü\FC2labWS\FC2labWS\pr5\Debug/../fun_asm.asm:109
addi sp, sp, 12
  84:	00c10113          	addi	sp,sp,12
C:\Users\ardah\OneDrive\Masaüstü\FC2labWS\FC2labWS\pr5\Debug/../fun_asm.asm:110
ret
  88:	00008067          	ret

0000008c <leaf_function>:
leaf_function():
C:\Users\ardah\OneDrive\Masaüstü\FC2labWS\FC2labWS\pr5\Debug/../fun_asm.asm:114

leaf_function:
#prologue
addi sp, sp, -8
  8c:	ff810113          	addi	sp,sp,-8
C:\Users\ardah\OneDrive\Masaüstü\FC2labWS\FC2labWS\pr5\Debug/../fun_asm.asm:115
sw a0, 0(sp)	// a0 -> int x
  90:	00a12023          	sw	a0,0(sp)
C:\Users\ardah\OneDrive\Masaüstü\FC2labWS\FC2labWS\pr5\Debug/../fun_asm.asm:116
sw ra, 4(sp)
  94:	00112223          	sw	ra,4(sp)
C:\Users\ardah\OneDrive\Masaüstü\FC2labWS\FC2labWS\pr5\Debug/../fun_asm.asm:119

#body
mul a0, a0, a0
  98:	02a50533          	mul	a0,a0,a0
C:\Users\ardah\OneDrive\Masaüstü\FC2labWS\FC2labWS\pr5\Debug/../fun_asm.asm:122

#epilogue
lw ra, 4(sp)
  9c:	00412083          	lw	ra,4(sp)
C:\Users\ardah\OneDrive\Masaüstü\FC2labWS\FC2labWS\pr5\Debug/../fun_asm.asm:123
addi sp, sp, 8
  a0:	00810113          	addi	sp,sp,8
C:\Users\ardah\OneDrive\Masaüstü\FC2labWS\FC2labWS\pr5\Debug/../fun_asm.asm:125

ret
  a4:	00008067          	ret
