
Discarded input sections

 .group         0x0000000000000000        0xc ./pr5.o

Memory Configuration

Name             Origin             Length             Attributes
*default*        0x0000000000000000 0xffffffffffffffff

Linker script and memory map

LOAD ./fun_asm.o
LOAD ./pr5.o
LOAD c:/eclipserv/eclipse/sysgcc/bin/../lib/gcc/riscv64-unknown-elf/10.1.0/rv32im/ilp32\libgcc.a
START GROUP
LOAD c:/eclipserv/eclipse/sysgcc/bin/../lib/gcc/riscv64-unknown-elf/10.1.0/../../../../riscv64-unknown-elf/lib/rv32im/ilp32\libc.a
LOAD c:/eclipserv/eclipse/sysgcc/bin/../lib/gcc/riscv64-unknown-elf/10.1.0/../../../../riscv64-unknown-elf/lib/rv32im/ilp32\libgloss.a
END GROUP
LOAD c:/eclipserv/eclipse/sysgcc/bin/../lib/gcc/riscv64-unknown-elf/10.1.0/rv32im/ilp32\libgcc.a
                0x0000000000000000                . = 0x0

.text           0x0000000000000000       0xa8
 *(.text)
 .text          0x0000000000000000       0xa8 ./fun_asm.o
                0x0000000000000000                main
 .text          0x00000000000000a8        0x0 ./pr5.o

.rela.dyn       0x00000000000000a8        0x0
 .rela.text     0x00000000000000a8        0x0 ./fun_asm.o
                0x0000000000010000                . = 0x10000

.data           0x0000000000010000       0x18
 *(.data)
 .data          0x0000000000010000       0x18 ./fun_asm.o
 .data          0x0000000000010018        0x0 ./pr5.o

.bss            0x0000000000010018        0x4
 *(.bss)
 .bss           0x0000000000010018        0x4 ./fun_asm.o
 .bss           0x000000000001001c        0x0 ./pr5.o

.rodata
 *(.rodata)
                0x0000000000020000                _stack = 0x20000
OUTPUT(pr5.elf elf32-littleriscv)

.riscv.attributes
                0x0000000000000000       0x21
 .riscv.attributes
                0x0000000000000000       0x1f ./fun_asm.o
 .riscv.attributes
                0x000000000000001f       0x21 ./pr5.o

.comment        0x0000000000000000       0x12
 .comment       0x0000000000000000       0x12 ./pr5.o
                                         0x13 (size before relaxing)

.debug_line     0x0000000000000000      0x147
 .debug_line    0x0000000000000000      0x11e ./fun_asm.o
 .debug_line    0x000000000000011e       0x29 ./pr5.o

.debug_info     0x0000000000000000       0x47
 .debug_info    0x0000000000000000       0x26 ./fun_asm.o
 .debug_info    0x0000000000000026       0x21 ./pr5.o

.debug_abbrev   0x0000000000000000       0x27
 .debug_abbrev  0x0000000000000000       0x14 ./fun_asm.o
 .debug_abbrev  0x0000000000000014       0x13 ./pr5.o

.debug_aranges  0x0000000000000000       0x38
 .debug_aranges
                0x0000000000000000       0x20 ./fun_asm.o
 .debug_aranges
                0x0000000000000020       0x18 ./pr5.o

.debug_str      0x0000000000000000     0x23e6
 .debug_str     0x0000000000000000       0x58 ./fun_asm.o
 .debug_str     0x0000000000000058     0x238e ./pr5.o
                                       0x23cb (size before relaxing)

.debug_macro    0x0000000000000000      0x6f9
 .debug_macro   0x0000000000000000       0x11 ./pr5.o
 .debug_macro   0x0000000000000011      0x6e8 ./pr5.o
